002c:err:wineboot:process_run_key Error running cmd L"C:\\windows\\system32\\winemenubuilder.exe -a -r" (2).
00c4:err:hid:handle_DeviceMatchingCallback Ignoring HID device 0x7f9bfdf5d470 (vid 05ac, pid 027e): not a joystick or gamepad
00c4:err:hid:handle_DeviceMatchingCallback Ignoring HID device 0x7f9bfdf5d020 (vid 05ac, pid 8600): not a joystick or gamepad
00c4:err:hid:handle_DeviceMatchingCallback Ignoring HID device 0x7f9bfeac27d0 (vid 05ac, pid 8103): not a joystick or gamepad
00c4:err:hid:handle_DeviceMatchingCallback Ignoring HID device 0x7f9bfeac2f80 (vid 05ac, pid 8102): not a joystick or gamepad
00c4:err:hid:handle_DeviceMatchingCallback Ignoring HID device 0x7f9bfeac2a60 (vid 05ac, pid 8302): not a joystick or gamepad
00c4:err:hid:handle_DeviceMatchingCallback Ignoring HID device 0x7f9bfdf5d810 (vid 05ac, pid 027e): not a joystick or gamepad
00c4:err:hid:handle_DeviceMatchingCallback Ignoring HID device 0x7f9bfeac2540 (vid 05ac, pid 8262): not a joystick or gamepad
00c4:err:hid:handle_DeviceMatchingCallback Ignoring HID device 0x7f9bfdf5e1a0 (vid 05ac, pid 027e): not a joystick or gamepad
00c4:err:hid:handle_DeviceMatchingCallback Ignoring HID device 0x7f9bfeac2cf0 (vid 05ac, pid 8102): not a joystick or gamepad
00c4:err:hid:handle_DeviceMatchingCallback Ignoring HID device 0x7f9bfdf5deb0 (vid 05ac, pid 027e): not a joystick or gamepad
00c4:err:hid:handle_DeviceMatchingCallback Ignoring HID device 0x7f9bfdf5db30 (vid 05ac, pid 027e): not a joystick or gamepad
0024:err:environ:init_peb starting L"Z:\\Users\\lasselukkari\\Documents\\DuinoDCX\\DCX2496_V1_16\\DCX2496_V1_16\\DCX-Remote.exe" in experimental wow64 mode
[mvk-info] MoltenVK version 1.3.0, supporting Vulkan version 1.3.313.
	The following 126 Vulkan extensions are supported:
	VK_KHR_16bit_storage v1
	VK_KHR_8bit_storage v1
	VK_KHR_bind_memory2 v1
	VK_KHR_buffer_device_address v1
	VK_KHR_calibrated_timestamps v1
	VK_KHR_copy_commands2 v1
	VK_KHR_create_renderpass2 v1
	VK_KHR_dedicated_allocation v3
	VK_KHR_deferred_host_operations v4
	VK_KHR_depth_stencil_resolve v1
	VK_KHR_descriptor_update_template v1
	VK_KHR_device_group v4
	VK_KHR_device_group_creation v1
	VK_KHR_driver_properties v1
	VK_KHR_dynamic_rendering v1
	VK_KHR_external_fence v1
	VK_KHR_external_fence_capabilities v1
	VK_KHR_external_memory v1
	VK_KHR_external_memory_capabilities v1
	VK_KHR_external_semaphore v1
	VK_KHR_external_semaphore_capabilities v1
	VK_KHR_fragment_shader_barycentric v1
	VK_KHR_format_feature_flags2 v2
	VK_KHR_get_memory_requirements2 v1
	VK_KHR_get_physical_device_properties2 v2
	VK_KHR_get_surface_capabilities2 v1
	VK_KHR_imageless_framebuffer v1
	VK_KHR_image_format_list v1
	VK_KHR_incremental_present v2
	VK_KHR_index_type_uint8 v1
	VK_KHR_load_store_op_none v1
	VK_KHR_maintenance1 v2
	VK_KHR_maintenance2 v1
	VK_KHR_maintenance3 v1
	VK_KHR_maintenance4 v2
	VK_KHR_maintenance6 v1
	VK_KHR_maintenance7 v1
	VK_KHR_map_memory2 v1
	VK_KHR_multiview v1
	VK_KHR_portability_subset v1
	VK_KHR_push_descriptor v2
	VK_KHR_relaxed_block_layout v1
	VK_KHR_sampler_mirror_clamp_to_edge v3
	VK_KHR_sampler_ycbcr_conversion v14
	VK_KHR_separate_depth_stencil_layouts v1
	VK_KHR_shader_draw_parameters v1
	VK_KHR_shader_expect_assume v1
	VK_KHR_shader_float_controls v4
	VK_KHR_shader_float16_int8 v1
	VK_KHR_shader_integer_dot_product v1
	VK_KHR_shader_non_semantic_info v1
	VK_KHR_shader_subgroup_extended_types v1
	VK_KHR_shader_subgroup_rotate v2
	VK_KHR_shader_terminate_invocation v1
	VK_KHR_spirv_1_4 v1
	VK_KHR_storage_buffer_storage_class v1
	VK_KHR_surface v25
	VK_KHR_swapchain v70
	VK_KHR_swapchain_mutable_format v1
	VK_KHR_synchronization2 v1
	VK_KHR_timeline_semaphore v2
	VK_KHR_uniform_buffer_standard_layout v1
	VK_KHR_variable_pointers v1
	VK_KHR_vertex_attribute_divisor v1
	VK_KHR_vulkan_memory_model v3
	VK_KHR_zero_initialize_workgroup_memory v1
	VK_EXT_4444_formats v1
	VK_EXT_buffer_device_address v2
	VK_EXT_calibrated_timestamps v2
	VK_EXT_debug_marker v4
	VK_EXT_debug_report v10
	VK_EXT_debug_utils v2
	VK_EXT_descriptor_indexing v2
	VK_EXT_depth_clip_control v1
	VK_EXT_extended_dynamic_state v1
	VK_EXT_extended_dynamic_state2 v1
	VK_EXT_extended_dynamic_state3 v2
	VK_EXT_external_memory_host v1
	VK_EXT_external_memory_metal v1
	VK_EXT_fragment_shader_interlock v1
	VK_EXT_hdr_metadata v3
	VK_EXT_headless_surface v1
	VK_EXT_host_image_copy v1
	VK_EXT_host_query_reset v1
	VK_EXT_image_2d_view_of_3d v1
	VK_EXT_image_robustness v1
	VK_EXT_index_type_uint8 v1
	VK_EXT_inline_uniform_block v1
	VK_EXT_layer_settings v2
	VK_EXT_load_store_op_none v1
	VK_EXT_memory_budget v1
	VK_EXT_metal_objects v2
	VK_EXT_metal_surface v1
	VK_EXT_pipeline_creation_cache_control v3
	VK_EXT_pipeline_creation_feedback v1
	VK_EXT_pipeline_robustness v1
	VK_EXT_post_depth_coverage v1
	VK_EXT_private_data v1
	VK_EXT_robustness2 v1
	VK_EXT_sample_locations v1
	VK_EXT_scalar_block_layout v1
	VK_EXT_separate_stencil_usage v1
	VK_EXT_shader_atomic_float v1
	VK_EXT_shader_demote_to_helper_invocation v1
	VK_EXT_shader_stencil_export v1
	VK_EXT_shader_subgroup_ballot v1
	VK_EXT_shader_subgroup_vote v1
	VK_EXT_shader_viewport_index_layer v1
	VK_EXT_subgroup_size_control v2
	VK_EXT_surface_maintenance1 v1
	VK_EXT_swapchain_colorspace v5
	VK_EXT_swapchain_maintenance1 v1
	VK_EXT_texel_buffer_alignment v1
	VK_EXT_texture_compression_astc_hdr v1
	VK_EXT_tooling_info v1
	VK_EXT_vertex_attribute_divisor v3
	VK_AMD_gpu_shader_half_float v2
	VK_AMD_negative_viewport_height v1
	VK_AMD_shader_image_load_store_lod v1
	VK_AMD_shader_trinary_minmax v1
	VK_IMG_format_pvrtc v1
	VK_INTEL_shader_integer_functions2 v1
	VK_GOOGLE_display_timing v1
	VK_MVK_macos_surface v3
	VK_MVK_moltenvk v37
	VK_NV_fragment_shader_barycentric v1
[mvk-info] GPU device:
	model: Intel(R) Iris(TM) Plus Graphics
	type: Integrated
	vendorID: 0x8086
	deviceID: 0x8a53
	pipelineCacheUUID: 49B97F26-1A01-0200-0000-000100000000
	GPU memory available: 1536 MB
	GPU memory used: 8 MB
	Metal Shading Language 3.1
	supports the following GPU Features:
		GPU Family Metal 3
		GPU Family Mac 2
		Read-Write Texture Tier 1
[mvk-info] Created VkInstance for Vulkan version 1.0.0, as requested by app, with the following 2 Vulkan extensions enabled:
	VK_KHR_external_memory_capabilities v1
	VK_KHR_get_physical_device_properties2 v2
00d0:fixme:keyboard:NtUserActivateKeyboardLayout Changing user locale is not supported
00d4:fixme:keyboard:NtUserActivateKeyboardLayout Changing user locale is not supported
0024:fixme:keyboard:NtUserActivateKeyboardLayout Changing user locale is not supported
[mvk-info] MoltenVK version 1.3.0, supporting Vulkan version 1.3.313.
	The following 126 Vulkan extensions are supported:
	VK_KHR_16bit_storage v1
	VK_KHR_8bit_storage v1
	VK_KHR_bind_memory2 v1
	VK_KHR_buffer_device_address v1
	VK_KHR_calibrated_timestamps v1
	VK_KHR_copy_commands2 v1
	VK_KHR_create_renderpass2 v1
	VK_KHR_dedicated_allocation v3
	VK_KHR_deferred_host_operations v4
	VK_KHR_depth_stencil_resolve v1
	VK_KHR_descriptor_update_template v1
	VK_KHR_device_group v4
	VK_KHR_device_group_creation v1
	VK_KHR_driver_properties v1
	VK_KHR_dynamic_rendering v1
	VK_KHR_external_fence v1
	VK_KHR_external_fence_capabilities v1
	VK_KHR_external_memory v1
	VK_KHR_external_memory_capabilities v1
	VK_KHR_external_semaphore v1
	VK_KHR_external_semaphore_capabilities v1
	VK_KHR_fragment_shader_barycentric v1
	VK_KHR_format_feature_flags2 v2
	VK_KHR_get_memory_requirements2 v1
	VK_KHR_get_physical_device_properties2 v2
	VK_KHR_get_surface_capabilities2 v1
	VK_KHR_imageless_framebuffer v1
	VK_KHR_image_format_list v1
	VK_KHR_incremental_present v2
	VK_KHR_index_type_uint8 v1
	VK_KHR_load_store_op_none v1
	VK_KHR_maintenance1 v2
	VK_KHR_maintenance2 v1
	VK_KHR_maintenance3 v1
	VK_KHR_maintenance4 v2
	VK_KHR_maintenance6 v1
	VK_KHR_maintenance7 v1
	VK_KHR_map_memory2 v1
	VK_KHR_multiview v1
	VK_KHR_portability_subset v1
	VK_KHR_push_descriptor v2
	VK_KHR_relaxed_block_layout v1
	VK_KHR_sampler_mirror_clamp_to_edge v3
	VK_KHR_sampler_ycbcr_conversion v14
	VK_KHR_separate_depth_stencil_layouts v1
	VK_KHR_shader_draw_parameters v1
	VK_KHR_shader_expect_assume v1
	VK_KHR_shader_float_controls v4
	VK_KHR_shader_float16_int8 v1
	VK_KHR_shader_integer_dot_product v1
	VK_KHR_shader_non_semantic_info v1
	VK_KHR_shader_subgroup_extended_types v1
	VK_KHR_shader_subgroup_rotate v2
	VK_KHR_shader_terminate_invocation v1
	VK_KHR_spirv_1_4 v1
	VK_KHR_storage_buffer_storage_class v1
	VK_KHR_surface v25
	VK_KHR_swapchain v70
	VK_KHR_swapchain_mutable_format v1
	VK_KHR_synchronization2 v1
	VK_KHR_timeline_semaphore v2
	VK_KHR_uniform_buffer_standard_layout v1
	VK_KHR_variable_pointers v1
	VK_KHR_vertex_attribute_divisor v1
	VK_KHR_vulkan_memory_model v3
	VK_KHR_zero_initialize_workgroup_memory v1
	VK_EXT_4444_formats v1
	VK_EXT_buffer_device_address v2
	VK_EXT_calibrated_timestamps v2
	VK_EXT_debug_marker v4
	VK_EXT_debug_report v10
	VK_EXT_debug_utils v2
	VK_EXT_descriptor_indexing v2
	VK_EXT_depth_clip_control v1
	VK_EXT_extended_dynamic_state v1
	VK_EXT_extended_dynamic_state2 v1
	VK_EXT_extended_dynamic_state3 v2
	VK_EXT_external_memory_host v1
	VK_EXT_external_memory_metal v1
	VK_EXT_fragment_shader_interlock v1
	VK_EXT_hdr_metadata v3
	VK_EXT_headless_surface v1
	VK_EXT_host_image_copy v1
	VK_EXT_host_query_reset v1
	VK_EXT_image_2d_view_of_3d v1
	VK_EXT_image_robustness v1
	VK_EXT_index_type_uint8 v1
	VK_EXT_inline_uniform_block v1
	VK_EXT_layer_settings v2
	VK_EXT_load_store_op_none v1
	VK_EXT_memory_budget v1
	VK_EXT_metal_objects v2
	VK_EXT_metal_surface v1
	VK_EXT_pipeline_creation_cache_control v3
	VK_EXT_pipeline_creation_feedback v1
	VK_EXT_pipeline_robustness v1
	VK_EXT_post_depth_coverage v1
	VK_EXT_private_data v1
	VK_EXT_robustness2 v1
	VK_EXT_sample_locations v1
	VK_EXT_scalar_block_layout v1
	VK_EXT_separate_stencil_usage v1
	VK_EXT_shader_atomic_float v1
	VK_EXT_shader_demote_to_helper_invocation v1
	VK_EXT_shader_stencil_export v1
	VK_EXT_shader_subgroup_ballot v1
	VK_EXT_shader_subgroup_vote v1
	VK_EXT_shader_viewport_index_layer v1
	VK_EXT_subgroup_size_control v2
	VK_EXT_surface_maintenance1 v1
	VK_EXT_swapchain_colorspace v5
	VK_EXT_swapchain_maintenance1 v1
	VK_EXT_texel_buffer_alignment v1
	VK_EXT_texture_compression_astc_hdr v1
	VK_EXT_tooling_info v1
	VK_EXT_vertex_attribute_divisor v3
	VK_AMD_gpu_shader_half_float v2
	VK_AMD_negative_viewport_height v1
	VK_AMD_shader_image_load_store_lod v1
	VK_AMD_shader_trinary_minmax v1
	VK_IMG_format_pvrtc v1
	VK_INTEL_shader_integer_functions2 v1
	VK_GOOGLE_display_timing v1
	VK_MVK_macos_surface v3
	VK_MVK_moltenvk v37
	VK_NV_fragment_shader_barycentric v1
[mvk-info] GPU device:
	model: Intel(R) Iris(TM) Plus Graphics
	type: Integrated
	vendorID: 0x8086
	deviceID: 0x8a53
	pipelineCacheUUID: 49B97F26-1A01-0200-0000-000100000000
	GPU memory available: 1536 MB
	GPU memory used: 8 MB
	Metal Shading Language 3.1
	supports the following GPU Features:
		GPU Family Metal 3
		GPU Family Mac 2
		Read-Write Texture Tier 1
[mvk-info] Created VkInstance for Vulkan version 1.0.0, as requested by app, with the following 2 Vulkan extensions enabled:
	VK_KHR_external_memory_capabilities v1
	VK_KHR_get_physical_device_properties2 v2
wineserver crashed, please enable coredumps (ulimit -c unlimited) and restart.
00c4:err:hid:handle_DeviceMatchingCallback Ignoring HID device 0x7f9bfec057f0 (vid 05ac, pid 8600): not a joystick or gamepad
00c4:err:hid:handle_DeviceMatchingCallback Ignoring HID device 0x7f9bfed05ee0 (vid 05ac, pid 027e): not a joystick or gamepad
00c4:err:hid:handle_DeviceMatchingCallback Ignoring HID device 0x7f9bfec05d40 (vid 05ac, pid 027e): not a joystick or gamepad
00c4:err:hid:handle_DeviceMatchingCallback Ignoring HID device 0x7f9bfdf5d020 (vid 05ac, pid 027e): not a joystick or gamepad
00c4:err:hid:handle_DeviceMatchingCallback Ignoring HID device 0x7f9bfdf39dc0 (vid 05ac, pid 027e): not a joystick or gamepad
00c4:err:hid:handle_DeviceMatchingCallback Ignoring HID device 0x7f9bfec044f0 (vid 05ac, pid 027e): not a joystick or gamepad
00c4:err:hid:handle_DeviceMatchingCallback Ignoring HID device 0x7f9bfee04eb0 (vid 05ac, pid 8600): not a joystick or gamepad
00c4:err:hid:handle_DeviceMatchingCallback Ignoring HID device 0x7f9bfea22370 (vid 05ac, pid 8600): not a joystick or gamepad
00c4:err:hid:handle_DeviceMatchingCallback Ignoring HID device 0x7f9bfe938480 (vid 05ac, pid 027e): not a joystick or gamepad
00c4:err:hid:handle_DeviceMatchingCallback Ignoring HID device 0x7f9bfef043e0 (vid 05ac, pid 027e): not a joystick or gamepad
00c4:err:hid:handle_DeviceMatchingCallback Ignoring HID device 0x7f9bfee04d20 (vid 05ac, pid 027e): not a joystick or gamepad
00c4:err:hid:handle_DeviceMatchingCallback Ignoring HID device 0x7f9bfef05a30 (vid 05ac, pid 027e): not a joystick or gamepad
00c4:err:hid:handle_DeviceMatchingCallback Ignoring HID device 0x7f9bfee05860 (vid 05ac, pid 027e): not a joystick or gamepad
00c4:err:hid:handle_DeviceMatchingCallback Ignoring HID device 0x7f9bfec05d40 (vid 05ac, pid 8600): not a joystick or gamepad
